M-Pesa log files cleared
≡ƒöì TESTING M-PESA INTEGRATION WITH FIXED TIMESTAMP
==================================================

1∩╕ÅΓâú Testing OAuth token generation...
[MPESA] Requesting OAuth Token: {
  url: [32m'https://sandbox.safaricom.co.ke/oauth/v1/generate?grant_type=client_credentials'[39m,
  authHeader: [32m'Basic dUx1RldvWm...'[39m
}
[MPESA] OAuth Token Response: { access_token: [32m'gJkvEWdlqmcRkRPjALjPyyvGP4fN'[39m, expires_in: [32m'3599'[39m }
Access token response: { access_token: 'gJkvEWdlqmcRkRPjALjPyyvGP4fN', expires_in: '3599' }
Γ£à OAuth token generated successfully: gJkvEWdlqm...

2∩╕ÅΓâú Testing timestamp generation...
[MPESA] Generated STK Password: { timestamp: [32m'20250511172423'[39m, paybill: [32m'247247'[39m, passkey: [32m'********'[39m }
Generated timestamp: 20250511172423
Timestamp length: 14
Γ£à Timestamp format is correct (14 characters)

3∩╕ÅΓâú Testing STK Push with fixed timestamp...
[MPESA] Requesting OAuth Token: {
  url: [32m'https://sandbox.safaricom.co.ke/oauth/v1/generate?grant_type=client_credentials'[39m,
  authHeader: [32m'Basic dUx1RldvWm...'[39m
}
[MPESA] OAuth Token Response: { access_token: [32m'GHv0bYRmsWJVpO0xyyurO25c1AI2'[39m, expires_in: [32m'3599'[39m }
Access token response: { access_token: 'GHv0bYRmsWJVpO0xyyurO25c1AI2', expires_in: '3599' }
[MPESA] Generated STK Password: { timestamp: [32m'20250511172423'[39m, paybill: [32m'247247'[39m, passkey: [32m'********'[39m }
[MPESA] STK Push Request: {
  BusinessShortCode: [32m'247247'[39m,
  Password: [32m'********'[39m,
  Timestamp: [32m'20250511172423'[39m,
  TransactionType: [32m'CustomerPayBillOnline'[39m,
  Amount: [33m1[39m,
  PartyA: [32m'254708374149'[39m,
  PartyB: [32m'247247'[39m,
  PhoneNumber: [32m'254708374149'[39m,
  CallBackURL: [32m'http://localhost:5000/api/mpesa/callback'[39m,
  AccountReference: [32m'TEST1746973463013'[39m,
  TransactionDesc: [32m'Timestamp fix test'[39m
}

==================================================
Γ¥î TEST FAILED!
STK Push failed with the fixed timestamp.

Check the logs at server/logs/mpesa.log and server/logs/mpesa-error.log for more details.
